Microchip MPLAB XC8 Compiler V2.10 ()

Linker command line:

-W-3 --edf=C:\Program Files (x86)\Microchip\xc8\v2.10\pic\dat\en_msgs.txt \
  -cs -h+dist/default/production\lab6micro.X.production.sym \
  --cmf=dist/default/production\lab6micro.X.production.cmf -z -Q16F886 \
  -oC:\Users\bruno\AppData\Local\Temp\sqco.2 --defsym=__MPLAB_BUILD=1 \
  -Mdist/default/production/lab6micro.X.production.map -E1 -ver=XC8 \
  --acfsm=1493 -ASTACK=0110h-016Fh -pstack=STACK -ACODE=00h-07FFhx4 \
  -ASTRCODE=00h-01FFFh -ASTRING=00h-0FFhx32 -ACONST=00h-0FFhx32 \
  -AENTRY=00h-0FFhx32 -ACOMMON=070h-07Fh -ABANK0=020h-06Fh \
  -ABANK1=0A0h-0EFh -ABANK2=0110h-016Fh -ABANK3=0190h-01EFh \
  -ARAM=020h-06Fh,0A0h-0EFh,0110h-016Fh,0190h-01EFh \
  -AABS1=020h-07Fh,0A0h-0EFh,0110h-016Fh,0190h-01EFh -ASFR0=00h-01Fh \
  -ASFR1=080h-09Fh -ASFR2=0100h-010Fh -ASFR3=0180h-018Fh \
  -preset_vec=00h,intentry=04h,init,end_init -ppowerup=CODE -pcinit=CODE \
  -pfunctab=ENTRY -ACONFIG=02007h-02008h -pconfig=CONFIG -DCONFIG=2 \
  -AIDLOC=02000h-02003h -pidloc=IDLOC -DIDLOC=2 -AEEDATA=00h-0FFh/02100h \
  -peeprom_data=EEDATA -DEEDATA=2 -DCODE=2 -DSTRCODE=2 -DSTRING=2 -DCONST=2 \
  -DENTRY=2 -k C:\Users\bruno\AppData\Local\Temp\sqco.o \
  dist/default/production\lab6micro.X.production.o 

Object code version is 3.11

Machine type is 16F886



                Name                               Link     Load   Length Selector   Space Scale
C:\Users\bruno\AppData\Local\Temp\sqco.o
                end_init                             10       10        3        8       0
                reset_vec                             0        0        3        0       0
                config                             2007     2007        2     400E       0
dist/default/production\lab6micro.X.production.o
                cinit                                13       13       2B        8       0
                intentry                              4        4        C        8       0
                text37                              A17      A17      288     142E       0
                text36                             1CD1     1CD1       27     39A2       0
                text35                              C9F      C9F      361     193E       0
                text34                             1F84     1F84       7C     3F08       0
                text33                             10AE     10AE       BA     215C       0
                text32                             1F09     1F09       7B     3E12       0
                text31                             1C2C     1C2C        F     3858       0
                text30                             1C8C     1C8C       22     3918       0
                text29                             1EAB     1EAB       5E     3D56       0
                text28                             1CAE     1CAE       23     395C       0
                text27                             1001     1001        8     2002       0
                text26                             1C0A     1C0A        4     3814       0
                text25                             1E05     1E05       4E     3C0A       0
                text24                              7DF      7DF       21        8       0
                text23                             1C71     1C71       1B     38E2       0
                text22                             1C4C     1C4C       12     3898       0
                text21                             1C0E     1C0E        4     381C       0
                text20                             1E53     1E53       58     3CA6       0
                text19                              836      836        4     106C       0
                text18                             1C3B     1C3B       11     3876       0
                text17                             1D48     1D48       3B     3A90       0
                text16                               3E       3E      384        8       0
                text15                              83A      83A      1DD     1074       0
                text14                             1D1F     1D1F       29     3A3E       0
                text13                              3C2      3C2      361        8       0
                text12                             1032     1032       7C     2064       0
                text11                             1CF8     1CF8       27     39F0       0
                text10                              723      723       BC        8       0
                text9                              136A     136A      247     26D4       0
                text8                              1009     1009       29     2012       0
                text7                              1C5E     1C5E       13     38BC       0
                text6                              15B1     15B1      24F     2B62       0
                text5                              1DBF     1DBF       46     3B7E       0
                text4                              1D83     1D83       3C     3B06       0
                text3                              1168     1168       E2     22D0       0
                text2                              1C1E     1C1E        E     383C       0
                text1                              1C12     1C12        C     3824       0
                maintext                           124A     124A      120     2494       0
                cstackBANK0                          20       20       48       20       1
                cstackCOMMON                         70       70        E       70       1
                cstackBANK1                          A0       A0       50       A0       1
                cstackBANK3                         190      190       2F      190       1
                bssBANK3                            1BF      1BF        C      190       1
                dataBANK0                            6C       6C        3       20       1
                bssBANK0                             68       68        4       20       1
                bitbssBANK0                         378       6F        1       20       1     8
                strings                             800      800       33     1000       0
                idataBANK0                          833      833        3     1066       0

TOTAL           Name                               Link     Load   Length     Space
        CLASS   STACK          

        CLASS   CODE           
                end_init                             10       10        3         0
                cinit                                13       13       2B         0
                intentry                              4        4        C         0
                reset_vec                             0        0        3         0
                text37                              A17      A17      288         0
                text36                             1CD1     1CD1       27         0
                text35                              C9F      C9F      361         0
                text34                             1F84     1F84       7C         0
                text33                             10AE     10AE       BA         0
                text32                             1F09     1F09       7B         0
                text31                             1C2C     1C2C        F         0
                text30                             1C8C     1C8C       22         0
                text29                             1EAB     1EAB       5E         0
                text28                             1CAE     1CAE       23         0
                text27                             1001     1001        8         0
                text26                             1C0A     1C0A        4         0
                text25                             1E05     1E05       4E         0
                text24                              7DF      7DF       21         0
                text23                             1C71     1C71       1B         0
                text22                             1C4C     1C4C       12         0
                text21                             1C0E     1C0E        4         0
                text20                             1E53     1E53       58         0
                text19                              836      836        4         0
                text18                             1C3B     1C3B       11         0
                text17                             1D48     1D48       3B         0
                text16                               3E       3E      384         0
                text15                              83A      83A      1DD         0
                text14                             1D1F     1D1F       29         0
                text13                              3C2      3C2      361         0
                text12                             1032     1032       7C         0
                text11                             1CF8     1CF8       27         0
                text10                              723      723       BC         0
                text9                              136A     136A      247         0
                text8                              1009     1009       29         0
                text7                              1C5E     1C5E       13         0
                text6                              15B1     15B1      24F         0
                text5                              1DBF     1DBF       46         0
                text4                              1D83     1D83       3C         0
                text3                              1168     1168       E2         0
                text2                              1C1E     1C1E        E         0
                text1                              1C12     1C12        C         0
                maintext                           124A     124A      120         0
                idataBANK0                          833      833        3         0

        CLASS   STRCODE        

        CLASS   STRING         
                strings                             800      800       33         0

        CLASS   CONST          

        CLASS   ENTRY          

        CLASS   COMMON         
                cstackCOMMON                         70       70        E         1

        CLASS   BANK0          
                cstackBANK0                          20       20       48         1
                dataBANK0                            6C       6C        3         1
                bssBANK0                             68       68        4         1
                bitbssBANK0                         378       6F        1         1

        CLASS   BANK1          
                cstackBANK1                          A0       A0       50         1

        CLASS   BANK2          

        CLASS   BANK3          
                cstackBANK3                         190      190       2F         1
                bssBANK3                            1BF      1BF        C         1

        CLASS   RAM            

        CLASS   ABS1           
                abs_s1                               7E       7E        2         1

        CLASS   SFR0           

        CLASS   SFR1           

        CLASS   SFR2           

        CLASS   SFR3           

        CLASS   CONFIG         
                config                             2007     2007        2         0

        CLASS   IDLOC          

        CLASS   EEDATA         



SEGMENTS        Name                           Load    Length   Top    Selector   Space  Class     Delta

                reset_vec                      000000  000003  000003         0       0  CODE        2
                intentry                       000004  0007FC  000800         8       0  CODE        2
                cstackBANK0                    000020  000050  000070        20       1  BANK0       1
                cstackCOMMON                   000070  00000E  00007E        70       1  COMMON      1
                cstackBANK1                    0000A0  000050  0000F0        A0       1  BANK1       1
                cstackBANK3                    000190  00003B  0001CB       190       1  BANK3       1
                strings                        000800  000033  000833      1000       0  STRING      2
                idataBANK0                     000833  000003  000836      1066       0  CODE        2
                text19                         000836  000004  00083A      106C       0  CODE        2
                text15                         00083A  0001DD  000A17      1074       0  CODE        2
                text37                         000A17  000288  000C9F      142E       0  CODE        2
                text35                         000C9F  000361  001000      193E       0  CODE        2
                text27                         001001  000008  001009      2002       0  CODE        2
                text8                          001009  000029  001032      2012       0  CODE        2
                text12                         001032  00007C  0010AE      2064       0  CODE        2
                text33                         0010AE  0000BA  001168      215C       0  CODE        2
                text3                          001168  0000E2  00124A      22D0       0  CODE        2
                maintext                       00124A  000120  00136A      2494       0  CODE        2
                text9                          00136A  000247  0015B1      26D4       0  CODE        2
                text6                          0015B1  00024F  001800      2B62       0  CODE        2
                text26                         001C0A  000004  001C0E      3814       0  CODE        2
                text21                         001C0E  000004  001C12      381C       0  CODE        2
                text1                          001C12  00000C  001C1E      3824       0  CODE        2
                text2                          001C1E  00000E  001C2C      383C       0  CODE        2
                text31                         001C2C  00000F  001C3B      3858       0  CODE        2
                text18                         001C3B  000011  001C4C      3876       0  CODE        2
                text22                         001C4C  000012  001C5E      3898       0  CODE        2
                text7                          001C5E  000013  001C71      38BC       0  CODE        2
                text23                         001C71  00001B  001C8C      38E2       0  CODE        2
                text30                         001C8C  000022  001CAE      3918       0  CODE        2
                text28                         001CAE  000023  001CD1      395C       0  CODE        2
                text36                         001CD1  000027  001CF8      39A2       0  CODE        2
                text11                         001CF8  000027  001D1F      39F0       0  CODE        2
                text14                         001D1F  000029  001D48      3A3E       0  CODE        2
                text17                         001D48  00003B  001D83      3A90       0  CODE        2
                text4                          001D83  00003C  001DBF      3B06       0  CODE        2
                text5                          001DBF  000046  001E05      3B7E       0  CODE        2
                text25                         001E05  00004E  001E53      3C0A       0  CODE        2
                text20                         001E53  000058  001EAB      3CA6       0  CODE        2
                text29                         001EAB  00005E  001F09      3D56       0  CODE        2
                text32                         001F09  00007B  001F84      3E12       0  CODE        2
                text34                         001F84  00007C  002000      3F08       0  CODE        2
                config                         002007  000002  002009      400E       0  CONFIG      2


UNUSED ADDRESS RANGES

        Name                Unused          Largest block    Delta
        BANK2            0110-016F             60           1
        BANK3            01CB-01EF             25           1
        CODE             0003-0003              1           2
                         1000-1000              1
                         1800-1C09            40A
        CONST            0003-0003              1           2
                         1000-1000              1
                         1800-1C09            100
        EEDATA           2100-21FF            100           2
        ENTRY            0003-0003              1           2
                         1000-1000              1
                         1800-1C09            100
        IDLOC            2000-2003              4           2
        RAM              0110-016F             60           1
                         01CB-01EF             25
        SFR0             0000-001F             20           1
        SFR1             0080-009F             20           1
        SFR2             0100-010F             10           1
        SFR3             0180-018F             10           1
        STACK            0110-016F             60           1
        STRCODE          0003-0003              1           2
                         1000-1000              1
                         1800-1C09            40A
        STRING           0003-0003              1           2
                         1000-1000              1
                         1800-1C09            100

                                  Symbol Table

?__Umul8_16                cstackBANK1  00A0
?___fladd                  cstackBANK1  00E8
?___fldiv                  cstackBANK1  00B4
?___flmul                  cstackBANK1  00CE
?___fltol                  cstackBANK3  019C
?___lwdiv                  cstackBANK1  00A0
?___lwmod                  cstackBANK1  00A8
?___wmul                   cstackBANK1  00A0
?___xxtofl                 cstackBANK1  00A6
?_abs                      cstackBANK1  00A0
?_adc_read_0               cstackBANK0  0059
?_io_sw_pressed            cstackCOMMON 0070
?_pwm_calc                 cstackBANK3  01A7
?_sprintf                  cstackBANK1  00AE
?i1__Umul8_16              cstackCOMMON 0070
?i1___fladd                cstackBANK0  003A
?i1___flmul                cstackBANK0  0020
?i1___fltol                cstackBANK0  004E
?i1___xxtofl               cstackCOMMON 0070
_ADCON0bits                (abs)        001F
_ADCS1                     (abs)        00FF
_ADC_result                bssBANK3     01C9
_ADFM                      (abs)        04FF
_ADON                      (abs)        00F8
_ADRESH                    (abs)        001E
_ADRESL                    (abs)        009E
_ANS0                      (abs)        0C40
_ANS1                      (abs)        0C41
_ANS10                     (abs)        0C4A
_ANS12                     (abs)        0C4C
_ANS2                      (abs)        0C42
_ANS3                      (abs)        0C43
_CCP1CONbits               (abs)        0017
_CCP2CONbits               (abs)        001D
_CCPR1L                    (abs)        0015
_CCPR2L                    (abs)        001B
_DC2B0                     (abs)        00EC
_DC2B1                     (abs)        00ED
_GO                        (abs)        00F9
_INTCONbits                (abs)        000B
_IOCB6                     (abs)        04B6
_LCD_RS_SetHigh            text19       0836
_LCD_RS_SetLow             text26       1C0A
_LCD_RW_SetLow             text21       1C0E
_OPTION_REGbits            (abs)        0081
_PEIE                      (abs)        005E
_PORTB                     (abs)        0006
_PR2                       (abs)        0092
_PSA                       (abs)        040B
_RA1                       (abs)        0029
_RA2                       (abs)        002A
_RA3                       (abs)        002B
_RB0                       (abs)        0030
_RB1                       (abs)        0031
_RBIE                      (abs)        005B
_RBIF                      (abs)        0058
_RC0                       (abs)        0038
_RC3                       (abs)        003B
_RC4                       (abs)        003C
_RC5                       (abs)        003D
_T0CS                      (abs)        040D
_T0IE                      (abs)        005D
_T0IF                      (abs)        005A
_T2CONbits                 (abs)        0012
_TMR0                      (abs)        0001
_TMR2IE                    (abs)        0461
_TMR2IF                    (abs)        0061
_TMR2ON                    (abs)        0092
_TRISA0                    (abs)        0428
_TRISA2                    (abs)        042A
_TRISA3                    (abs)        042B
_TRISB0                    (abs)        0430
_TRISB6                    (abs)        0436
_TRISC                     (abs)        0087
_TRISC1                    (abs)        0439
_TRISC2                    (abs)        043A
_VCFG0                     (abs)        04FC
_VCFG1                     (abs)        04FD
_WPUB6                     (abs)        04AE
__CFG_BOR4V$BOR40V         (abs)        0000
__CFG_BOREN$ON             (abs)        0000
__CFG_CP$OFF               (abs)        0000
__CFG_CPD$OFF              (abs)        0000
__CFG_FCMEN$ON             (abs)        0000
__CFG_FOSC$EC              (abs)        0000
__CFG_IESO$ON              (abs)        0000
__CFG_LVP$OFF              (abs)        0000
__CFG_MCLRE$ON             (abs)        0000
__CFG_PWRTE$OFF            (abs)        0000
__CFG_WDTE$OFF             (abs)        0000
__CFG_WRT$OFF              (abs)        0000
__Habs1                    abs1         0000
__Hbank0                   bank0        0000
__Hbank1                   bank1        0000
__Hbank2                   bank2        0000
__Hbank3                   bank3        0000
__HbitbssBANK0             bitbssBANK0  0000
__HbssBANK0                bssBANK0     0000
__HbssBANK3                bssBANK3     0000
__Hcinit                   cinit        003E
__Hclrtext                 clrtext      0000
__Hcode                    code         0000
__Hcommon                  common       0000
__Hconfig                  config       2009
__HcstackBANK0             cstackBANK0  0000
__HcstackBANK1             cstackBANK1  0000
__HcstackBANK3             cstackBANK3  0000
__HcstackCOMMON            cstackCOMMON 0000
__HdataBANK0               dataBANK0    0000
__Heeprom_data             eeprom_data  0000
__Hend_init                end_init     0013
__Hfunctab                 functab      0000
__HidataBANK0              idataBANK0   0000
__Hidloc                   idloc        0000
__Hinit                    init         0010
__Hintentry                intentry     0010
__Hmaintext                maintext     0000
__Hpowerup                 powerup      0000
__Hram                     ram          0000
__Hreset_vec               reset_vec    0003
__Hsfr0                    sfr0         0000
__Hsfr1                    sfr1         0000
__Hsfr2                    sfr2         0000
__Hsfr3                    sfr3         0000
__Hspace_0                 (abs)        2009
__Hspace_1                 (abs)        0379
__Hspace_2                 (abs)        0000
__Hspace_3                 (abs)        0000
__Hstack                   stack        0000
__Hstrings                 strings      0000
__Htext                    text         0000
__Labs1                    abs1         0000
__Lbank0                   bank0        0000
__Lbank1                   bank1        0000
__Lbank2                   bank2        0000
__Lbank3                   bank3        0000
__LbitbssBANK0             bitbssBANK0  0000
__LbssBANK0                bssBANK0     0000
__LbssBANK3                bssBANK3     0000
__Lcinit                   cinit        0013
__Lclrtext                 clrtext      0000
__Lcode                    code         0000
__Lcommon                  common       0000
__Lconfig                  config       2007
__LcstackBANK0             cstackBANK0  0000
__LcstackBANK1             cstackBANK1  0000
__LcstackBANK3             cstackBANK3  0000
__LcstackCOMMON            cstackCOMMON 0000
__LdataBANK0               dataBANK0    0000
__Leeprom_data             eeprom_data  0000
__Lend_init                end_init     0010
__Lfunctab                 functab      0000
__LidataBANK0              idataBANK0   0000
__Lidloc                   idloc        0000
__Linit                    init         0010
__Lintentry                intentry     0004
__Lmaintext                maintext     0000
__Lpowerup                 powerup      0000
__Lram                     ram          0000
__Lreset_vec               reset_vec    0000
__Lsfr0                    sfr0         0000
__Lsfr1                    sfr1         0000
__Lsfr2                    sfr2         0000
__Lsfr3                    sfr3         0000
__Lspace_0                 (abs)        0000
__Lspace_1                 (abs)        0000
__Lspace_2                 (abs)        0000
__Lspace_3                 (abs)        0000
__Lstack                   stack        0000
__Lstrings                 strings      0000
__Ltext                    text         0000
__S0                       (abs)        2009
__S1                       (abs)        01CB
__S2                       (abs)        0000
__S3                       (abs)        0000
__Umul8_16                 text14       1D1F
__Umul8_16@multiplicand    cstackBANK1  00A0
__Umul8_16@multiplier      cstackBANK1  00A8
__Umul8_16@product         cstackBANK1  00A4
__Umul8_16@word_mpld       cstackBANK1  00A6
___fladd                   text16       003E
___fladd@a                 cstackBANK1  00EC
___fladd@aexp              cstackBANK3  0199
___fladd@b                 cstackBANK1  00E8
___fladd@bexp              cstackBANK3  019A
___fladd@grs               cstackBANK3  019B
___fladd@signs             cstackBANK3  0198
___fldiv                   text15       083A
___fldiv@a                 cstackBANK1  00B4
___fldiv@aexp              cstackBANK1  00CD
___fldiv@b                 cstackBANK1  00B8
___fldiv@bexp              cstackBANK1  00CC
___fldiv@grs               cstackBANK1  00C8
___fldiv@new_exp           cstackBANK1  00C6
___fldiv@rem               cstackBANK1  00C1
___fldiv@sign              cstackBANK1  00C5
___flmul                   text13       03C2
___flmul@a                 cstackBANK1  00D2
___flmul@aexp              cstackBANK1  00E0
___flmul@b                 cstackBANK1  00CE
___flmul@bexp              cstackBANK1  00E1
___flmul@grs               cstackBANK1  00DC
___flmul@prod              cstackBANK1  00E2
___flmul@sign              cstackBANK1  00DB
___flmul@temp              cstackBANK1  00E6
___fltol                   text12       1032
___fltol@exp1              cstackBANK3  01A6
___fltol@f1                cstackBANK3  019C
___fltol@sign1             cstackBANK3  01A5
___int_sp                  stack        0000
___latbits                 (abs)        0002
___lwdiv                   text5        1DBF
___lwdiv@counter           cstackBANK1  00A7
___lwdiv@dividend          cstackBANK1  00A2
___lwdiv@divisor           cstackBANK1  00A0
___lwdiv@quotient          cstackBANK1  00A5
___lwmod                   text4        1D83
___lwmod@counter           cstackBANK1  00AD
___lwmod@dividend          cstackBANK1  00AA
___lwmod@divisor           cstackBANK1  00A8
___sp                      stack        0000
___stackhi                 (abs)        0000
___stacklo                 (abs)        0000
___wmul                    text11       1CF8
___wmul@multiplicand       cstackBANK1  00A2
___wmul@multiplier         cstackBANK1  00A0
___wmul@product            cstackBANK1  00A4
___xxtofl                  text10       0723
___xxtofl@arg              cstackBANK1  00B0
___xxtofl@exp              cstackBANK1  00AF
___xxtofl@sign             cstackBANK1  00AE
___xxtofl@val              cstackBANK1  00A6
__end_of_LCD_RS_SetHigh    text19       083A
__end_of_LCD_RS_SetLow     text26       1C0E
__end_of_LCD_RW_SetLow     text21       1C12
__end_of__Umul8_16         text14       1D48
__end_of___fladd           text16       03C2
__end_of___fldiv           text15       0A17
__end_of___flmul           text13       0723
__end_of___fltol           text12       10AE
__end_of___lwdiv           text5        1E05
__end_of___lwmod           text4        1DBF
__end_of___wmul            text11       1D1F
__end_of___xxtofl          text10       07DF
__end_of__initialization   cinit        003A
__end_of__stringtab        strings      0810
__end_of_abs               text7        1C71
__end_of_adc_init_0        text28       1CD1
__end_of_adc_read_0        text32       1F84
__end_of_dpowers           strings      081A
__end_of_io_init           text27       1009
__end_of_io_sw_pressed     text31       1C3B
__end_of_io_sw_read        text30       1CAE
__end_of_isr               text29       1F09
__end_of_lcd_cursor        text23       1C8C
__end_of_lcd_goto          text22       1C5E
__end_of_lcd_init          text20       1EAB
__end_of_lcd_putchar       text18       1C4C
__end_of_lcd_puts          text17       1D83
__end_of_lcd_write         text24       0800
__end_of_lcd_write_nibble  text25       1E53
__end_of_main              maintext     136A
__end_of_pwm_calc          text9        15B1
__end_of_pwm_init          text8        1032
__end_of_pwm_set           text6        1800
__end_of_sprintf           text3        124A
__end_of_t0_init           text2        1C2C
__end_of_tmr2_init         text1        1C1E
__end_ofi1__Umul8_16       text36       1CF8
__end_ofi1___fladd         text37       0C9F
__end_ofi1___flmul         text35       1000
__end_ofi1___fltol         text34       2000
__end_ofi1___xxtofl        text33       1168
__initialization           cinit        0013
__pbitbssBANK0             bitbssBANK0  0378
__pbssBANK0                bssBANK0     0068
__pbssBANK3                bssBANK3     01BF
__pcstackBANK0             cstackBANK0  0020
__pcstackBANK1             cstackBANK1  00A0
__pcstackBANK3             cstackBANK3  0190
__pcstackCOMMON            cstackCOMMON 0070
__pdataBANK0               dataBANK0    006C
__pidataBANK0              idataBANK0   0833
__pintentry                intentry     0004
__pmaintext                maintext     124A
__pstrings                 strings      0800
__ptext1                   text1        1C12
__ptext10                  text10       0723
__ptext11                  text11       1CF8
__ptext12                  text12       1032
__ptext13                  text13       03C2
__ptext14                  text14       1D1F
__ptext15                  text15       083A
__ptext16                  text16       003E
__ptext17                  text17       1D48
__ptext18                  text18       1C3B
__ptext19                  text19       0836
__ptext2                   text2        1C1E
__ptext20                  text20       1E53
__ptext21                  text21       1C0E
__ptext22                  text22       1C4C
__ptext23                  text23       1C71
__ptext24                  text24       07DF
__ptext25                  text25       1E05
__ptext26                  text26       1C0A
__ptext27                  text27       1001
__ptext28                  text28       1CAE
__ptext29                  text29       1EAB
__ptext3                   text3        1168
__ptext30                  text30       1C8C
__ptext31                  text31       1C2C
__ptext32                  text32       1F09
__ptext33                  text33       10AE
__ptext34                  text34       1F84
__ptext35                  text35       0C9F
__ptext36                  text36       1CD1
__ptext37                  text37       0A17
__ptext4                   text4        1D83
__ptext5                   text5        1DBF
__ptext6                   text6        15B1
__ptext7                   text7        1C5E
__ptext8                   text8        1009
__ptext9                   text9        136A
__size_of_LCD_RS_SetHigh   (abs)        0000
__size_of_LCD_RS_SetLow    (abs)        0000
__size_of_LCD_RW_SetLow    (abs)        0000
__size_of__Umul8_16        (abs)        0000
__size_of___fladd          (abs)        0000
__size_of___fldiv          (abs)        0000
__size_of___flmul          (abs)        0000
__size_of___fltol          (abs)        0000
__size_of___lwdiv          (abs)        0000
__size_of___lwmod          (abs)        0000
__size_of___wmul           (abs)        0000
__size_of___xxtofl         (abs)        0000
__size_of_abs              (abs)        0000
__size_of_adc_init_0       (abs)        0000
__size_of_adc_read_0       (abs)        0000
__size_of_io_init          (abs)        0000
__size_of_io_sw_pressed    (abs)        0000
__size_of_io_sw_read       (abs)        0000
__size_of_isr              (abs)        0000
__size_of_lcd_cursor       (abs)        0000
__size_of_lcd_goto         (abs)        0000
__size_of_lcd_init         (abs)        0000
__size_of_lcd_putchar      (abs)        0000
__size_of_lcd_puts         (abs)        0000
__size_of_lcd_write        (abs)        0000
__size_of_lcd_write_nibble (abs)        0000
__size_of_main             (abs)        0000
__size_of_pwm_calc         (abs)        0000
__size_of_pwm_init         (abs)        0000
__size_of_pwm_set          (abs)        0000
__size_of_sprintf          (abs)        0000
__size_of_t0_init          (abs)        0000
__size_of_tmr2_init        (abs)        0000
__size_ofi1__Umul8_16      (abs)        0000
__size_ofi1___fladd        (abs)        0000
__size_ofi1___flmul        (abs)        0000
__size_ofi1___fltol        (abs)        0000
__size_ofi1___xxtofl       (abs)        0000
__stringbase               strings      080F
__stringtab                strings      0800
_abs                       text7        1C5E
_adc_init_0                text28       1CAE
_adc_read_0                text32       1F09
_dpowers                   strings      0810
_io_init                   text27       1001
_io_sw_pressed             text31       1C2C
_io_sw_read                text30       1C8C
_isr                       text29       1EAB
_lcd_cursor                text23       1C71
_lcd_goto                  text22       1C4C
_lcd_init                  text20       1E53
_lcd_putchar               text18       1C3B
_lcd_puts                  text17       1D48
_lcd_write                 text24       07DF
_lcd_write_nibble          text25       1E05
_main                      maintext     124A
_nRBPU                     (abs)        040F
_pwm_calc                  text9        136A
_pwm_dc1                   bssBANK0     006A
_pwm_dc2                   bssBANK0     0068
_pwm_init                  text8        1009
_pwm_set                   text6        15B1
_pwm_set$1085              cstackBANK3  01AD
_sprintf                   text3        1168
_swPressed                 bitbssBANK0  0378
_t0_init                   text2        1C1E
_tmr2_init                 text1        1C12
abs@a                      cstackBANK1  00A0
adc_read_0@ADC_result      cstackBANK0  0063
btemp                      (abs)        007E
end_of_initialization      cinit        003A
i1__Umul8_16               text36       1CD1
i1__Umul8_16@multiplicand  cstackCOMMON 0070
i1__Umul8_16@multiplier    cstackCOMMON 0078
i1__Umul8_16@product       cstackCOMMON 0074
i1__Umul8_16@word_mpld     cstackCOMMON 0076
i1___fladd                 text37       0A17
i1___fladd@a               cstackBANK0  003E
i1___fladd@aexp            cstackBANK0  004B
i1___fladd@b               cstackBANK0  003A
i1___fladd@bexp            cstackBANK0  004C
i1___fladd@grs             cstackBANK0  004D
i1___fladd@signs           cstackBANK0  004A
i1___flmul                 text35       0C9F
i1___flmul@a               cstackBANK0  0024
i1___flmul@aexp            cstackBANK0  0032
i1___flmul@b               cstackBANK0  0020
i1___flmul@bexp            cstackBANK0  0033
i1___flmul@grs             cstackBANK0  002E
i1___flmul@prod            cstackBANK0  0034
i1___flmul@sign            cstackBANK0  002D
i1___flmul@temp            cstackBANK0  0038
i1___fltol                 text34       1F84
i1___fltol@exp1            cstackBANK0  0058
i1___fltol@f1              cstackBANK0  004E
i1___fltol@sign1           cstackBANK0  0057
i1___xxtofl                text33       10AE
i1___xxtofl@arg            cstackCOMMON 007A
i1___xxtofl@exp            cstackCOMMON 0079
i1___xxtofl@sign           cstackCOMMON 0078
i1___xxtofl@val            cstackCOMMON 0070
interrupt_function         intentry     0004
intlevel0                  functab      0000
intlevel1                  functab      0000
intlevel2                  functab      0000
intlevel3                  functab      0000
intlevel4                  functab      0000
intlevel5                  functab      0000
io_sw_read@port            cstackCOMMON 0072
io_sw_read@swNew           cstackCOMMON 0073
io_sw_read@swOld           dataBANK0    006C
lcd_cursor@on              cstackBANK1  00A4
lcd_goto@pos               cstackBANK1  00A4
lcd_putchar@c              cstackBANK1  00A4
lcd_puts@s                 cstackBANK1  00A4
lcd_write@c                cstackBANK1  00A3
lcd_write_nibble@c         cstackBANK1  00A1
main@R                     cstackBANK3  01BD
main@message               cstackBANK3  01B4
pwm_calc@adc_value         cstackBANK3  01A7
pwm_calc@pwm_dc1           cstackBANK3  01A9
pwm_calc@pwm_dc2           cstackBANK3  01AA
pwm_calc@radius            bssBANK3     01BF
pwm_set@absolute_pwm_dc1   bssBANK3     01C3
pwm_set@absolute_pwm_dc2   bssBANK3     01C1
pwm_set@n_1                bssBANK3     01C7
pwm_set@n_2                bssBANK3     01C5
pwm_set@pwm_dc1            cstackBANK3  01A7
pwm_set@pwm_dc2            cstackBANK3  01A9
reset_vec                  reset_vec    0000
saved_w                    (abs)        007E
sprintf@ap                 cstackBANK1  00B4
sprintf@c                  cstackBANK1  00BA
sprintf@f                  cstackBANK1  00AE
sprintf@flag               cstackBANK1  00B5
sprintf@prec               cstackBANK1  00B6
sprintf@sp                 cstackBANK1  00B9
sprintf@val                cstackBANK1  00B7
start                      init         0010
start_initialization       cinit        0013
wtemp0                     (abs)        007E


FUNCTION INFORMATION:

 *************** function _main *****************
 Defined at:
		line 115 in file "main.c"
 Parameters:    Size  Location     Type
		None
 Auto vars:     Size  Location     Type
  message         9   36[BANK3 ] unsigned char [9]
  R               2   45[BANK3 ] int 
 Return value:  Size  Location     Type
                  1    wreg      void 
 Registers used:
		wreg, fsr0l, fsr0h, status,2, status,0, btemp+1, pclath, cstack
 Tracked objects:
		On entry : 
		On exit  : 
		Unchanged: 
 Data sizes:     COMMON   BANK0   BANK1   BANK3   BANK2
      Params:         0       0       0       0       0
      Locals:         0       0       0      11       0
      Temps:          0       0       0       3       0
      Totals:         0       0       0      14       0
Total ram usage:       14 bytes
 Hardware stack levels required when called:    7
 This function calls:
		_adc_init_0
		_io_init
		_lcd_cursor
		_lcd_goto
		_lcd_init
		_lcd_putchar
		_lcd_puts
		_pwm_calc
		_pwm_init
		_pwm_set
		_sprintf
		_t0_init
		_tmr2_init
 This function is called by:
		Startup code after reset
 This function uses a non-reentrant model


 *************** function _tmr2_init *****************
 Defined at:
		line 104 in file "main.c"
 Parameters:    Size  Location     Type
		None
 Auto vars:     Size  Location     Type
		None
 Return value:  Size  Location     Type
                  1    wreg      void 
 Registers used:
		wreg, status,2, status,0
 Tracked objects:
		On entry : 
		On exit  : 
		Unchanged: 
 Data sizes:     COMMON   BANK0   BANK1   BANK3   BANK2
      Params:         0       0       0       0       0
      Locals:         0       0       0       0       0
      Temps:          0       0       0       0       0
      Totals:         0       0       0       0       0
Total ram usage:        0 bytes
 Hardware stack levels used:    1
 Hardware stack levels required when called:    4
 This function calls:
		Nothing
 This function is called by:
		_main
 This function uses a non-reentrant model


 *************** function _t0_init *****************
 Defined at:
		line 88 in file "main.c"
 Parameters:    Size  Location     Type
		None
 Auto vars:     Size  Location     Type
		None
 Return value:  Size  Location     Type
                  1    wreg      void 
 Registers used:
		wreg, status,2, status,0
 Tracked objects:
		On entry : 
		On exit  : 
		Unchanged: 
 Data sizes:     COMMON   BANK0   BANK1   BANK3   BANK2
      Params:         0       0       0       0       0
      Locals:         0       0       0       0       0
      Temps:          0       0       0       0       0
      Totals:         0       0       0       0       0
Total ram usage:        0 bytes
 Hardware stack levels used:    1
 Hardware stack levels required when called:    4
 This function calls:
		Nothing
 This function is called by:
		_main
 This function uses a non-reentrant model


 *************** function _sprintf *****************
 Defined at:
		line 505 in file "C:\Program Files (x86)\Microchip\xc8\v2.10\pic\sources\c90\common\doprnt.c"
 Parameters:    Size  Location     Type
  sp              1    wreg     PTR unsigned char 
		 -> main@message(9), 
  f               1   14[BANK1 ] PTR const unsigned char 
		 -> STR_6(3), STR_4(3), STR_1(3), 
 Auto vars:     Size  Location     Type
  sp              1   25[BANK1 ] PTR unsigned char 
		 -> main@message(9), 
  tmpval          4    0        struct .
  val             2   23[BANK1 ] unsigned int 
  cp              2    0        PTR const unsigned char 
  len             2    0        unsigned int 
  c               1   26[BANK1 ] unsigned char 
  prec            1   22[BANK1 ] char 
  flag            1   21[BANK1 ] unsigned char 
  ap              1   20[BANK1 ] PTR void [1]
		 -> ?_sprintf(2), 
 Return value:  Size  Location     Type
                  2   14[BANK1 ] int 
 Registers used:
		wreg, fsr0l, fsr0h, status,2, status,0, btemp+1, pclath, cstack
 Tracked objects:
		On entry : 
		On exit  : 
		Unchanged: 
 Data sizes:     COMMON   BANK0   BANK1   BANK3   BANK2
      Params:         0       0       3       0       0
      Locals:         0       0       7       0       0
      Temps:          0       0       3       0       0
      Totals:         0       0      13       0       0
Total ram usage:       13 bytes
 Hardware stack levels used:    1
 Hardware stack levels required when called:    5
 This function calls:
		___lwdiv
		___lwmod
 This function is called by:
		_main
 This function uses a non-reentrant model


 *************** function ___lwmod *****************
 Defined at:
		line 5 in file "C:\Program Files (x86)\Microchip\xc8\v2.10\pic\sources\c90\common\lwmod.c"
 Parameters:    Size  Location     Type
  divisor         2    8[BANK1 ] unsigned int 
  dividend        2   10[BANK1 ] unsigned int 
 Auto vars:     Size  Location     Type
  counter         1   13[BANK1 ] unsigned char 
 Return value:  Size  Location     Type
                  2    8[BANK1 ] unsigned int 
 Registers used:
		wreg, status,2, status,0
 Tracked objects:
		On entry : 
		On exit  : 
		Unchanged: 
 Data sizes:     COMMON   BANK0   BANK1   BANK3   BANK2
      Params:         0       0       4       0       0
      Locals:         0       0       1       0       0
      Temps:          0       0       1       0       0
      Totals:         0       0       6       0       0
Total ram usage:        6 bytes
 Hardware stack levels used:    1
 Hardware stack levels required when called:    4
 This function calls:
		Nothing
 This function is called by:
		_sprintf
 This function uses a non-reentrant model


 *************** function ___lwdiv *****************
 Defined at:
		line 5 in file "C:\Program Files (x86)\Microchip\xc8\v2.10\pic\sources\c90\common\lwdiv.c"
 Parameters:    Size  Location     Type
  divisor         2    0[BANK1 ] unsigned int 
  dividend        2    2[BANK1 ] unsigned int 
 Auto vars:     Size  Location     Type
  quotient        2    5[BANK1 ] unsigned int 
  counter         1    7[BANK1 ] unsigned char 
 Return value:  Size  Location     Type
                  2    0[BANK1 ] unsigned int 
 Registers used:
		wreg, status,2, status,0
 Tracked objects:
		On entry : 
		On exit  : 
		Unchanged: 
 Data sizes:     COMMON   BANK0   BANK1   BANK3   BANK2
      Params:         0       0       4       0       0
      Locals:         0       0       3       0       0
      Temps:          0       0       1       0       0
      Totals:         0       0       8       0       0
Total ram usage:        8 bytes
 Hardware stack levels used:    1
 Hardware stack levels required when called:    4
 This function calls:
		Nothing
 This function is called by:
		_sprintf
 This function uses a non-reentrant model


 *************** function _pwm_set *****************
 Defined at:
		line 43 in file "pwm.c"
 Parameters:    Size  Location     Type
  pwm_dc1         2   23[BANK3 ] int 
  pwm_dc2         2   25[BANK3 ] int 
 Auto vars:     Size  Location     Type
		None
 Return value:  Size  Location     Type
                  1    wreg      void 
 Registers used:
		wreg, status,2, status,0, btemp+1, pclath, cstack
 Tracked objects:
		On entry : 
		On exit  : 
		Unchanged: 
 Data sizes:     COMMON   BANK0   BANK1   BANK3   BANK2
      Params:         0       0       0       4       0
      Locals:         0       0       0       4       0
      Temps:          0       0       0       2       0
      Totals:         0       0       0      10       0
Total ram usage:       10 bytes
 Hardware stack levels used:    1
 Hardware stack levels required when called:    6
 This function calls:
		___fladd
		___fldiv
		___flmul
		___fltol
		___wmul
		___xxtofl
		_abs
 This function is called by:
		_main
 This function uses a non-reentrant model


 *************** function _abs *****************
 Defined at:
		line 4 in file "C:\Program Files (x86)\Microchip\xc8\v2.10\pic\sources\c90\common\abs.c"
 Parameters:    Size  Location     Type
  a               2    0[BANK1 ] int 
 Auto vars:     Size  Location     Type
		None
 Return value:  Size  Location     Type
                  2    0[BANK1 ] int 
 Registers used:
		wreg, status,2, status,0
 Tracked objects:
		On entry : 
		On exit  : 
		Unchanged: 
 Data sizes:     COMMON   BANK0   BANK1   BANK3   BANK2
      Params:         0       0       2       0       0
      Locals:         0       0       0       0       0
      Temps:          0       0       2       0       0
      Totals:         0       0       4       0       0
Total ram usage:        4 bytes
 Hardware stack levels used:    1
 Hardware stack levels required when called:    4
 This function calls:
		Nothing
 This function is called by:
		_pwm_set
 This function uses a non-reentrant model


 *************** function _pwm_init *****************
 Defined at:
		line 11 in file "pwm.c"
 Parameters:    Size  Location     Type
		None
 Auto vars:     Size  Location     Type
  pwm_dc2         2    0        int 
  pwm_dc1         2    0        int 
 Return value:  Size  Location     Type
                  1    wreg      void 
 Registers used:
		wreg, status,2, status,0
 Tracked objects:
		On entry : 
		On exit  : 
		Unchanged: 
 Data sizes:     COMMON   BANK0   BANK1   BANK3   BANK2
      Params:         0       0       0       0       0
      Locals:         0       0       4       0       0
      Temps:          0       0       0       0       0
      Totals:         0       0       4       0       0
Total ram usage:        4 bytes
 Hardware stack levels used:    1
 Hardware stack levels required when called:    4
 This function calls:
		Nothing
 This function is called by:
		_main
 This function uses a non-reentrant model


 *************** function _pwm_calc *****************
 Defined at:
		line 79 in file "pwm.c"
 Parameters:    Size  Location     Type
  adc_value       2   23[BANK3 ] int 
  pwm_dc1         1   25[BANK3 ] PTR int 
		 -> pwm_dc1(2), 
  pwm_dc2         1   26[BANK3 ] PTR int 
		 -> pwm_dc2(2), 
 Auto vars:     Size  Location     Type
		None
 Return value:  Size  Location     Type
                  2   23[BANK3 ] int 
 Registers used:
		wreg, fsr0l, fsr0h, status,2, status,0, btemp+1, pclath, cstack
 Tracked objects:
		On entry : 
		On exit  : 
		Unchanged: 
 Data sizes:     COMMON   BANK0   BANK1   BANK3   BANK2
      Params:         0       0       0       4       0
      Locals:         0       0       0       0       0
      Temps:          0       0       0       6       0
      Totals:         0       0       0      10       0
Total ram usage:       10 bytes
 Hardware stack levels used:    1
 Hardware stack levels required when called:    6
 This function calls:
		___fladd
		___fldiv
		___flmul
		___fltol
		___wmul
		___xxtofl
 This function is called by:
		_main
 This function uses a non-reentrant model


 *************** function ___xxtofl *****************
 Defined at:
		line 10 in file "C:\Program Files (x86)\Microchip\xc8\v2.10\pic\sources\c90\common\xxtofl.c"
 Parameters:    Size  Location     Type
  sign            1    wreg     unsigned char 
  val             4    6[BANK1 ] long 
 Auto vars:     Size  Location     Type
  sign            1   14[BANK1 ] unsigned char 
  arg             4   16[BANK1 ] unsigned long 
  exp             1   15[BANK1 ] unsigned char 
 Return value:  Size  Location     Type
                  4    6[BANK1 ] unsigned char 
 Registers used:
		wreg, status,2, status,0
 Tracked objects:
		On entry : 
		On exit  : 
		Unchanged: 
 Data sizes:     COMMON   BANK0   BANK1   BANK3   BANK2
      Params:         0       0       4       0       0
      Locals:         0       0       6       0       0
      Temps:          0       0       4       0       0
      Totals:         0       0      14       0       0
Total ram usage:       14 bytes
 Hardware stack levels used:    1
 Hardware stack levels required when called:    4
 This function calls:
		Nothing
 This function is called by:
		_pwm_set
		_pwm_calc
 This function uses a non-reentrant model


 *************** function ___wmul *****************
 Defined at:
		line 15 in file "C:\Program Files (x86)\Microchip\xc8\v2.10\pic\sources\c90\common\Umul16.c"
 Parameters:    Size  Location     Type
  multiplier      2    0[BANK1 ] unsigned int 
  multiplicand    2    2[BANK1 ] unsigned int 
 Auto vars:     Size  Location     Type
  product         2    4[BANK1 ] unsigned int 
 Return value:  Size  Location     Type
                  2    0[BANK1 ] unsigned int 
 Registers used:
		wreg, status,2, status,0
 Tracked objects:
		On entry : 
		On exit  : 
		Unchanged: 
 Data sizes:     COMMON   BANK0   BANK1   BANK3   BANK2
      Params:         0       0       4       0       0
      Locals:         0       0       2       0       0
      Temps:          0       0       0       0       0
      Totals:         0       0       6       0       0
Total ram usage:        6 bytes
 Hardware stack levels used:    1
 Hardware stack levels required when called:    4
 This function calls:
		Nothing
 This function is called by:
		_pwm_set
		_pwm_calc
 This function uses a non-reentrant model


 *************** function ___fltol *****************
 Defined at:
		line 43 in file "C:\Program Files (x86)\Microchip\xc8\v2.10\pic\sources\c90\common\fltol.c"
 Parameters:    Size  Location     Type
  f1              4   12[BANK3 ] unsigned int 
 Auto vars:     Size  Location     Type
  exp1            1   22[BANK3 ] unsigned char 
  sign1           1   21[BANK3 ] unsigned char 
 Return value:  Size  Location     Type
                  4   12[BANK3 ] long 
 Registers used:
		wreg, status,2, status,0
 Tracked objects:
		On entry : 
		On exit  : 
		Unchanged: 
 Data sizes:     COMMON   BANK0   BANK1   BANK3   BANK2
      Params:         0       0       0       4       0
      Locals:         0       0       0       2       0
      Temps:          0       0       0       5       0
      Totals:         0       0       0      11       0
Total ram usage:       11 bytes
 Hardware stack levels used:    1
 Hardware stack levels required when called:    4
 This function calls:
		Nothing
 This function is called by:
		_pwm_set
		_pwm_calc
 This function uses a non-reentrant model


 *************** function ___flmul *****************
 Defined at:
		line 8 in file "C:\Program Files (x86)\Microchip\xc8\v2.10\pic\sources\c90\common\sprcmul.c"
 Parameters:    Size  Location     Type
  b               4   46[BANK1 ] long 
  a               4   50[BANK1 ] long 
 Auto vars:     Size  Location     Type
  prod            4   66[BANK1 ] struct .
  grs             4   60[BANK1 ] unsigned long 
  temp            2   70[BANK1 ] struct .
  bexp            1   65[BANK1 ] unsigned char 
  aexp            1   64[BANK1 ] unsigned char 
  sign            1   59[BANK1 ] unsigned char 
 Return value:  Size  Location     Type
                  4   46[BANK1 ] unsigned char 
 Registers used:
		wreg, status,2, status,0, btemp+1, pclath, cstack
 Tracked objects:
		On entry : 
		On exit  : 
		Unchanged: 
 Data sizes:     COMMON   BANK0   BANK1   BANK3   BANK2
      Params:         0       0       8       0       0
      Locals:         0       0      13       0       0
      Temps:          0       0       5       0       0
      Totals:         0       0      26       0       0
Total ram usage:       26 bytes
 Hardware stack levels used:    1
 Hardware stack levels required when called:    5
 This function calls:
		__Umul8_16
 This function is called by:
		_pwm_set
		_pwm_calc
 This function uses a non-reentrant model


 *************** function __Umul8_16 *****************
 Defined at:
		line 4 in file "C:\Program Files (x86)\Microchip\xc8\v2.10\pic\sources\c90\common\Umul8_16.c"
 Parameters:    Size  Location     Type
  multiplier      1    wreg     unsigned char 
  multiplicand    1    0[BANK1 ] unsigned char 
 Auto vars:     Size  Location     Type
  multiplier      1    8[BANK1 ] unsigned char 
  word_mpld       2    6[BANK1 ] unsigned int 
  product         2    4[BANK1 ] unsigned int 
 Return value:  Size  Location     Type
                  2    0[BANK1 ] unsigned int 
 Registers used:
		wreg, status,2, status,0
 Tracked objects:
		On entry : 
		On exit  : 
		Unchanged: 
 Data sizes:     COMMON   BANK0   BANK1   BANK3   BANK2
      Params:         0       0       2       0       0
      Locals:         0       0       5       0       0
      Temps:          0       0       2       0       0
      Totals:         0       0       9       0       0
Total ram usage:        9 bytes
 Hardware stack levels used:    1
 Hardware stack levels required when called:    4
 This function calls:
		Nothing
 This function is called by:
		___flmul
 This function uses a non-reentrant model


 *************** function ___fldiv *****************
 Defined at:
		line 8 in file "C:\Program Files (x86)\Microchip\xc8\v2.10\pic\sources\c90\common\sprcdiv.c"
 Parameters:    Size  Location     Type
  a               4   20[BANK1 ] unsigned int 
  b               4   24[BANK1 ] unsigned int 
 Auto vars:     Size  Location     Type
  grs             4   40[BANK1 ] unsigned long 
  rem             4   33[BANK1 ] unsigned long 
  new_exp         2   38[BANK1 ] int 
  aexp            1   45[BANK1 ] unsigned char 
  bexp            1   44[BANK1 ] unsigned char 
  sign            1   37[BANK1 ] unsigned char 
 Return value:  Size  Location     Type
                  4   20[BANK1 ] unsigned char 
 Registers used:
		wreg, status,2, status,0, btemp+1
 Tracked objects:
		On entry : 
		On exit  : 
		Unchanged: 
 Data sizes:     COMMON   BANK0   BANK1   BANK3   BANK2
      Params:         0       0       8       0       0
      Locals:         0       0      13       0       0
      Temps:          0       0       5       0       0
      Totals:         0       0      26       0       0
Total ram usage:       26 bytes
 Hardware stack levels used:    1
 Hardware stack levels required when called:    4
 This function calls:
		Nothing
 This function is called by:
		_pwm_set
		_pwm_calc
 This function uses a non-reentrant model


 *************** function ___fladd *****************
 Defined at:
		line 10 in file "C:\Program Files (x86)\Microchip\xc8\v2.10\pic\sources\c90\common\sprcadd.c"
 Parameters:    Size  Location     Type
  b               4   72[BANK1 ] unsigned char 
  a               4   76[BANK1 ] unsigned char 
 Auto vars:     Size  Location     Type
  grs             1   11[BANK3 ] unsigned char 
  bexp            1   10[BANK3 ] unsigned char 
  aexp            1    9[BANK3 ] unsigned char 
  signs           1    8[BANK3 ] unsigned char 
 Return value:  Size  Location     Type
                  4   72[BANK1 ] unsigned char 
 Registers used:
		wreg, status,2, status,0, btemp+1
 Tracked objects:
		On entry : 
		On exit  : 
		Unchanged: 
 Data sizes:     COMMON   BANK0   BANK1   BANK3   BANK2
      Params:         0       0       8       0       0
      Locals:         0       0       0       4       0
      Temps:          0       0       0       8       0
      Totals:         0       0       8      12       0
Total ram usage:       20 bytes
 Hardware stack levels used:    1
 Hardware stack levels required when called:    4
 This function calls:
		Nothing
 This function is called by:
		_pwm_set
		_pwm_calc
 This function uses a non-reentrant model


 *************** function _lcd_puts *****************
 Defined at:
		line 52 in file "lcd.c"
 Parameters:    Size  Location     Type
  s               2    4[BANK1 ] PTR const unsigned char 
		 -> STR_7(4), STR_5(6), STR_3(6), STR_2(6), 
		 -> main@message(9), 
 Auto vars:     Size  Location     Type
		None
 Return value:  Size  Location     Type
                  1    wreg      void 
 Registers used:
		wreg, fsr0l, fsr0h, status,2, status,0, btemp+1, pclath, cstack
 Tracked objects:
		On entry : 
		On exit  : 
		Unchanged: 
 Data sizes:     COMMON   BANK0   BANK1   BANK3   BANK2
      Params:         0       0       2       0       0
      Locals:         0       0       0       0       0
      Temps:          0       0       0       0       0
      Totals:         0       0       2       0       0
Total ram usage:        2 bytes
 Hardware stack levels used:    1
 Hardware stack levels required when called:    6
 This function calls:
		_LCD_RS_SetHigh
		_lcd_write
 This function is called by:
		_main
 This function uses a non-reentrant model


 *************** function _lcd_putchar *****************
 Defined at:
		line 78 in file "lcd.c"
 Parameters:    Size  Location     Type
  c               1    wreg     unsigned char 
 Auto vars:     Size  Location     Type
  c               1    4[BANK1 ] unsigned char 
 Return value:  Size  Location     Type
                  1    wreg      void 
 Registers used:
		wreg, status,2, status,0, pclath, cstack
 Tracked objects:
		On entry : 
		On exit  : 
		Unchanged: 
 Data sizes:     COMMON   BANK0   BANK1   BANK3   BANK2
      Params:         0       0       0       0       0
      Locals:         0       0       1       0       0
      Temps:          0       0       0       0       0
      Totals:         0       0       1       0       0
Total ram usage:        1 bytes
 Hardware stack levels used:    1
 Hardware stack levels required when called:    6
 This function calls:
		_LCD_RS_SetHigh
		_lcd_write
 This function is called by:
		_main
 This function uses a non-reentrant model


 *************** function _LCD_RS_SetHigh *****************
 Defined at:
		line 24 in file "lcd.c"
 Parameters:    Size  Location     Type
		None
 Auto vars:     Size  Location     Type
		None
 Return value:  Size  Location     Type
                  1    wreg      void 
 Registers used:
		None
 Tracked objects:
		On entry : 
		On exit  : 
		Unchanged: 
 Data sizes:     COMMON   BANK0   BANK1   BANK3   BANK2
      Params:         0       0       0       0       0
      Locals:         0       0       0       0       0
      Temps:          0       0       0       0       0
      Totals:         0       0       0       0       0
Total ram usage:        0 bytes
 Hardware stack levels used:    1
 Hardware stack levels required when called:    4
 This function calls:
		Nothing
 This function is called by:
		_lcd_puts
		_lcd_putchar
 This function uses a non-reentrant model


 *************** function _lcd_init *****************
 Defined at:
		line 84 in file "lcd.c"
 Parameters:    Size  Location     Type
		None
 Auto vars:     Size  Location     Type
		None
 Return value:  Size  Location     Type
                  1    wreg      void 
 Registers used:
		wreg, status,2, status,0, pclath, cstack
 Tracked objects:
		On entry : 
		On exit  : 
		Unchanged: 
 Data sizes:     COMMON   BANK0   BANK1   BANK3   BANK2
      Params:         0       0       0       0       0
      Locals:         0       0       0       0       0
      Temps:          0       0       2       0       0
      Totals:         0       0       2       0       0
Total ram usage:        2 bytes
 Hardware stack levels used:    1
 Hardware stack levels required when called:    6
 This function calls:
		_LCD_RS_SetLow
		_LCD_RW_SetLow
		_lcd_write
 This function is called by:
		_main
 This function uses a non-reentrant model


 *************** function _LCD_RW_SetLow *****************
 Defined at:
		line 25 in file "lcd.c"
 Parameters:    Size  Location     Type
		None
 Auto vars:     Size  Location     Type
		None
 Return value:  Size  Location     Type
                  1    wreg      void 
 Registers used:
		None
 Tracked objects:
		On entry : 
		On exit  : 
		Unchanged: 
 Data sizes:     COMMON   BANK0   BANK1   BANK3   BANK2
      Params:         0       0       0       0       0
      Locals:         0       0       0       0       0
      Temps:          0       0       0       0       0
      Totals:         0       0       0       0       0
Total ram usage:        0 bytes
 Hardware stack levels used:    1
 Hardware stack levels required when called:    4
 This function calls:
		Nothing
 This function is called by:
		_lcd_init
 This function uses a non-reentrant model


 *************** function _lcd_goto *****************
 Defined at:
		line 59 in file "lcd.c"
 Parameters:    Size  Location     Type
  pos             1    wreg     unsigned char 
 Auto vars:     Size  Location     Type
  pos             1    4[BANK1 ] unsigned char 
 Return value:  Size  Location     Type
                  1    wreg      void 
 Registers used:
		wreg, status,2, status,0, pclath, cstack
 Tracked objects:
		On entry : 
		On exit  : 
		Unchanged: 
 Data sizes:     COMMON   BANK0   BANK1   BANK3   BANK2
      Params:         0       0       0       0       0
      Locals:         0       0       1       0       0
      Temps:          0       0       0       0       0
      Totals:         0       0       1       0       0
Total ram usage:        1 bytes
 Hardware stack levels used:    1
 Hardware stack levels required when called:    6
 This function calls:
		_LCD_RS_SetLow
		_lcd_write
 This function is called by:
		_main
 This function uses a non-reentrant model


 *************** function _lcd_cursor *****************
 Defined at:
		line 68 in file "lcd.c"
 Parameters:    Size  Location     Type
  on              2    4[BANK1 ] int 
 Auto vars:     Size  Location     Type
		None
 Return value:  Size  Location     Type
                  1    wreg      void 
 Registers used:
		wreg, status,2, status,0, pclath, cstack
 Tracked objects:
		On entry : 
		On exit  : 
		Unchanged: 
 Data sizes:     COMMON   BANK0   BANK1   BANK3   BANK2
      Params:         0       0       2       0       0
      Locals:         0       0       0       0       0
      Temps:          0       0       0       0       0
      Totals:         0       0       2       0       0
Total ram usage:        2 bytes
 Hardware stack levels used:    1
 Hardware stack levels required when called:    6
 This function calls:
		_LCD_RS_SetLow
		_lcd_write
 This function is called by:
		_main
 This function uses a non-reentrant model


 *************** function _lcd_write *****************
 Defined at:
		line 38 in file "lcd.c"
 Parameters:    Size  Location     Type
  c               1    wreg     unsigned char 
 Auto vars:     Size  Location     Type
  c               1    3[BANK1 ] unsigned char 
 Return value:  Size  Location     Type
                  1    wreg      void 
 Registers used:
		wreg, status,2, status,0, pclath, cstack
 Tracked objects:
		On entry : 
		On exit  : 
		Unchanged: 
 Data sizes:     COMMON   BANK0   BANK1   BANK3   BANK2
      Params:         0       0       0       0       0
      Locals:         0       0       1       0       0
      Temps:          0       0       1       0       0
      Totals:         0       0       2       0       0
Total ram usage:        2 bytes
 Hardware stack levels used:    1
 Hardware stack levels required when called:    5
 This function calls:
		_lcd_write_nibble
 This function is called by:
		_lcd_puts
		_lcd_goto
		_lcd_cursor
		_lcd_putchar
		_lcd_init
		_lcd_clear
 This function uses a non-reentrant model


 *************** function _lcd_write_nibble *****************
 Defined at:
		line 28 in file "lcd.c"
 Parameters:    Size  Location     Type
  c               1    wreg     unsigned char 
 Auto vars:     Size  Location     Type
  c               1    1[BANK1 ] unsigned char 
 Return value:  Size  Location     Type
                  1    wreg      void 
 Registers used:
		wreg, status,2, status,0
 Tracked objects:
		On entry : 
		On exit  : 
		Unchanged: 
 Data sizes:     COMMON   BANK0   BANK1   BANK3   BANK2
      Params:         0       0       0       0       0
      Locals:         0       0       1       0       0
      Temps:          0       0       1       0       0
      Totals:         0       0       2       0       0
Total ram usage:        2 bytes
 Hardware stack levels used:    1
 Hardware stack levels required when called:    4
 This function calls:
		Nothing
 This function is called by:
		_lcd_write
 This function uses a non-reentrant model


 *************** function _LCD_RS_SetLow *****************
 Defined at:
		line 23 in file "lcd.c"
 Parameters:    Size  Location     Type
		None
 Auto vars:     Size  Location     Type
		None
 Return value:  Size  Location     Type
                  1    wreg      void 
 Registers used:
		None
 Tracked objects:
		On entry : 
		On exit  : 
		Unchanged: 
 Data sizes:     COMMON   BANK0   BANK1   BANK3   BANK2
      Params:         0       0       0       0       0
      Locals:         0       0       0       0       0
      Temps:          0       0       0       0       0
      Totals:         0       0       0       0       0
Total ram usage:        0 bytes
 Hardware stack levels used:    1
 Hardware stack levels required when called:    4
 This function calls:
		Nothing
 This function is called by:
		_lcd_goto
		_lcd_cursor
		_lcd_init
		_lcd_clear
 This function uses a non-reentrant model


 *************** function _io_init *****************
 Defined at:
		line 17 in file "io.c"
 Parameters:    Size  Location     Type
		None
 Auto vars:     Size  Location     Type
		None
 Return value:  Size  Location     Type
                  1    wreg      void 
 Registers used:
		None
 Tracked objects:
		On entry : 
		On exit  : 
		Unchanged: 
 Data sizes:     COMMON   BANK0   BANK1   BANK3   BANK2
      Params:         0       0       0       0       0
      Locals:         0       0       0       0       0
      Temps:          0       0       0       0       0
      Totals:         0       0       0       0       0
Total ram usage:        0 bytes
 Hardware stack levels used:    1
 Hardware stack levels required when called:    4
 This function calls:
		Nothing
 This function is called by:
		_main
 This function uses a non-reentrant model


 *************** function _adc_init_0 *****************
 Defined at:
		line 6 in file "adc.c"
 Parameters:    Size  Location     Type
		None
 Auto vars:     Size  Location     Type
		None
 Return value:  Size  Location     Type
                  1    wreg      void 
 Registers used:
		wreg, status,2, status,0
 Tracked objects:
		On entry : 
		On exit  : 
		Unchanged: 
 Data sizes:     COMMON   BANK0   BANK1   BANK3   BANK2
      Params:         0       0       0       0       0
      Locals:         0       0       0       0       0
      Temps:          0       0       2       0       0
      Totals:         0       0       2       0       0
Total ram usage:        2 bytes
 Hardware stack levels used:    1
 Hardware stack levels required when called:    4
 This function calls:
		Nothing
 This function is called by:
		_main
 This function uses a non-reentrant model


 *************** function _isr *****************
 Defined at:
		line 54 in file "main.c"
 Parameters:    Size  Location     Type
		None
 Auto vars:     Size  Location     Type
		None
 Return value:  Size  Location     Type
                  1    wreg      void 
 Registers used:
		wreg, status,2, status,0, btemp+1, pclath, cstack
 Tracked objects:
		On entry : 
		On exit  : 
		Unchanged: 
 Data sizes:     COMMON   BANK0   BANK1   BANK3   BANK2
      Params:         0       0       0       0       0
      Locals:         0       0       0       0       0
      Temps:          0       3       0       0       0
      Totals:         0       3       0       0       0
Total ram usage:        3 bytes
 Hardware stack levels used:    1
 Hardware stack levels required when called:    3
 This function calls:
		_adc_read_0
		_io_sw_pressed
		_io_sw_read
 This function is called by:
		Interrupt level 1
 This function uses a non-reentrant model


 *************** function _io_sw_read *****************
 Defined at:
		line 53 in file "io.c"
 Parameters:    Size  Location     Type
  port            1    wreg     unsigned char 
 Auto vars:     Size  Location     Type
  port            1    2[COMMON] unsigned char 
  swNew           1    3[COMMON] unsigned char 
 Return value:  Size  Location     Type
                  1    wreg      void 
 Registers used:
		wreg, status,2, status,0
 Tracked objects:
		On entry : 
		On exit  : 
		Unchanged: 
 Data sizes:     COMMON   BANK0   BANK1   BANK3   BANK2
      Params:         0       0       0       0       0
      Locals:         2       0       0       0       0
      Temps:          2       0       0       0       0
      Totals:         4       0       0       0       0
Total ram usage:        4 bytes
 Hardware stack levels used:    1
 This function calls:
		Nothing
 This function is called by:
		_isr
 This function uses a non-reentrant model


 *************** function _io_sw_pressed *****************
 Defined at:
		line 62 in file "io.c"
 Parameters:    Size  Location     Type
		None
 Auto vars:     Size  Location     Type
		None
 Return value:  Size  Location     Type
                  2    0[COMMON] int 
 Registers used:
		wreg, status,2
 Tracked objects:
		On entry : 
		On exit  : 
		Unchanged: 
 Data sizes:     COMMON   BANK0   BANK1   BANK3   BANK2
      Params:         2       0       0       0       0
      Locals:         0       0       0       0       0
      Temps:          0       0       0       0       0
      Totals:         2       0       0       0       0
Total ram usage:        2 bytes
 Hardware stack levels used:    1
 This function calls:
		Nothing
 This function is called by:
		_isr
 This function uses a non-reentrant model


 *************** function _adc_read_0 *****************
 Defined at:
		line 25 in file "adc.c"
 Parameters:    Size  Location     Type
		None
 Auto vars:     Size  Location     Type
  ADC_result      2   67[BANK0 ] unsigned int 
 Return value:  Size  Location     Type
                  2   57[BANK0 ] unsigned int 
 Registers used:
		wreg, status,2, status,0, btemp+1, pclath, cstack
 Tracked objects:
		On entry : 
		On exit  : 
		Unchanged: 
 Data sizes:     COMMON   BANK0   BANK1   BANK3   BANK2
      Params:         0       2       0       0       0
      Locals:         0       2       0       0       0
      Temps:          0       8       0       0       0
      Totals:         0      12       0       0       0
Total ram usage:       12 bytes
 Hardware stack levels used:    1
 Hardware stack levels required when called:    2
 This function calls:
		i1___fladd
		i1___flmul
		i1___fltol
		i1___xxtofl
 This function is called by:
		_isr
 This function uses a non-reentrant model


 *************** function i1___xxtofl *****************
 Defined at:
		line 10 in file "C:\Program Files (x86)\Microchip\xc8\v2.10\pic\sources\c90\common\xxtofl.c"
 Parameters:    Size  Location     Type
  sign            1    wreg     unsigned char 
  val             4    0[COMMON] long 
 Auto vars:     Size  Location     Type
  sign            1    8[COMMON] unsigned char 
  __xxtofl        4   10[COMMON] unsigned long 
  __xxtofl        1    9[COMMON] unsigned char 
 Return value:  Size  Location     Type
                  4    0[COMMON] unsigned char 
 Registers used:
		wreg, status,2, status,0
 Tracked objects:
		On entry : 
		On exit  : 
		Unchanged: 
 Data sizes:     COMMON   BANK0   BANK1   BANK3   BANK2
      Params:         4       0       0       0       0
      Locals:         6       0       0       0       0
      Temps:          4       0       0       0       0
      Totals:        14       0       0       0       0
Total ram usage:       14 bytes
 Hardware stack levels used:    1
 This function calls:
		Nothing
 This function is called by:
		_adc_read_0
 This function uses a non-reentrant model


 *************** function i1___fltol *****************
 Defined at:
		line 43 in file "C:\Program Files (x86)\Microchip\xc8\v2.10\pic\sources\c90\common\fltol.c"
 Parameters:    Size  Location     Type
  f1              4   46[BANK0 ] unsigned char 
 Auto vars:     Size  Location     Type
  __fltol         1   56[BANK0 ] unsigned char 
  __fltol         1   55[BANK0 ] unsigned char 
 Return value:  Size  Location     Type
                  4   46[BANK0 ] long 
 Registers used:
		wreg, status,2, status,0
 Tracked objects:
		On entry : 
		On exit  : 
		Unchanged: 
 Data sizes:     COMMON   BANK0   BANK1   BANK3   BANK2
      Params:         0       4       0       0       0
      Locals:         0       2       0       0       0
      Temps:          0       5       0       0       0
      Totals:         0      11       0       0       0
Total ram usage:       11 bytes
 Hardware stack levels used:    1
 This function calls:
		Nothing
 This function is called by:
		_adc_read_0
 This function uses a non-reentrant model


 *************** function i1___flmul *****************
 Defined at:
		line 8 in file "C:\Program Files (x86)\Microchip\xc8\v2.10\pic\sources\c90\common\sprcmul.c"
 Parameters:    Size  Location     Type
  b               4    0[BANK0 ] long 
  a               4    4[BANK0 ] long 
 Auto vars:     Size  Location     Type
  __flmul         4   20[BANK0 ] struct .
  __flmul         4   14[BANK0 ] unsigned long 
  __flmul         2   24[BANK0 ] struct .
  __flmul         1   19[BANK0 ] unsigned char 
  __flmul         1   18[BANK0 ] unsigned char 
  __flmul         1   13[BANK0 ] unsigned char 
 Return value:  Size  Location     Type
                  4    0[BANK0 ] unsigned char 
 Registers used:
		wreg, status,2, status,0, btemp+1, pclath, cstack
 Tracked objects:
		On entry : 
		On exit  : 
		Unchanged: 
 Data sizes:     COMMON   BANK0   BANK1   BANK3   BANK2
      Params:         0       8       0       0       0
      Locals:         0      13       0       0       0
      Temps:          0       5       0       0       0
      Totals:         0      26       0       0       0
Total ram usage:       26 bytes
 Hardware stack levels used:    1
 Hardware stack levels required when called:    1
 This function calls:
		i1__Umul8_16
 This function is called by:
		_adc_read_0
 This function uses a non-reentrant model


 *************** function i1__Umul8_16 *****************
 Defined at:
		line 4 in file "C:\Program Files (x86)\Microchip\xc8\v2.10\pic\sources\c90\common\Umul8_16.c"
 Parameters:    Size  Location     Type
  multiplier      1    wreg     unsigned char 
  multiplicand    1    0[COMMON] unsigned char 
 Auto vars:     Size  Location     Type
  multiplier      1    8[COMMON] unsigned char 
  _Umul8_16       2    6[COMMON] unsigned int 
  _Umul8_16       2    4[COMMON] unsigned int 
 Return value:  Size  Location     Type
                  2    0[COMMON] unsigned int 
 Registers used:
		wreg, status,2, status,0
 Tracked objects:
		On entry : 
		On exit  : 
		Unchanged: 
 Data sizes:     COMMON   BANK0   BANK1   BANK3   BANK2
      Params:         2       0       0       0       0
      Locals:         5       0       0       0       0
      Temps:          2       0       0       0       0
      Totals:         9       0       0       0       0
Total ram usage:        9 bytes
 Hardware stack levels used:    1
 This function calls:
		Nothing
 This function is called by:
		i1___flmul
 This function uses a non-reentrant model


 *************** function i1___fladd *****************
 Defined at:
		line 10 in file "C:\Program Files (x86)\Microchip\xc8\v2.10\pic\sources\c90\common\sprcadd.c"
 Parameters:    Size  Location     Type
  b               4   26[BANK0 ] unsigned int 
  a               4   30[BANK0 ] unsigned int 
 Auto vars:     Size  Location     Type
  __fladd         1   45[BANK0 ] unsigned char 
  __fladd         1   44[BANK0 ] unsigned char 
  __fladd         1   43[BANK0 ] unsigned char 
  __fladd         1   42[BANK0 ] unsigned char 
 Return value:  Size  Location     Type
                  4   26[BANK0 ] unsigned char 
 Registers used:
		wreg, status,2, status,0, btemp+1
 Tracked objects:
		On entry : 
		On exit  : 
		Unchanged: 
 Data sizes:     COMMON   BANK0   BANK1   BANK3   BANK2
      Params:         0       8       0       0       0
      Locals:         0       4       0       0       0
      Temps:          0       8       0       0       0
      Totals:         0      20       0       0       0
Total ram usage:       20 bytes
 Hardware stack levels used:    1
 This function calls:
		Nothing
 This function is called by:
		_adc_read_0
 This function uses a non-reentrant model



MODULE INFORMATION

Module		Function		Class		Link	Load	Size
C:\Program Files (x86)\Microchip\xc8\v2.10\pic\sources\c90\common\lwdiv.c
		___lwdiv       		CODE           	1DBF	0000	71

C:\Program Files (x86)\Microchip\xc8\v2.10\pic\sources\c90\common\lwdiv.c estimated size: 71

C:\Program Files (x86)\Microchip\xc8\v2.10\pic\sources\c90\common\fltol.c
		___fltol       		CODE           	1032	0000	125

C:\Program Files (x86)\Microchip\xc8\v2.10\pic\sources\c90\common\fltol.c estimated size: 125

C:\Program Files (x86)\Microchip\xc8\v2.10\pic\sources\c90\common\Umul16.c
		___wmul        		CODE           	1CF8	0000	40

C:\Program Files (x86)\Microchip\xc8\v2.10\pic\sources\c90\common\Umul16.c estimated size: 40

io.c
		_io_sw_read    		CODE           	1C8C	0000	35
		_io_init       		CODE           	1001	0000	9
		_io_sw_pressed 		CODE           	1C2C	0000	16

io.c estimated size: 60

pwm.c
		_pwm_set       		CODE           	15B1	0000	592
		_pwm_calc      		CODE           	136A	0000	584
		_pwm_init      		CODE           	1009	0000	42

pwm.c estimated size: 1218

C:\Program Files (x86)\Microchip\xc8\v2.10\pic\sources\c90\common\sprcmul.c
		___flmul       		CODE           	03C2	0000	866

C:\Program Files (x86)\Microchip\xc8\v2.10\pic\sources\c90\common\sprcmul.c estimated size: 866

C:\Program Files (x86)\Microchip\xc8\v2.10\pic\sources\c90\common\Umul8_16.c
		__Umul8_16     		CODE           	1D1F	0000	42

C:\Program Files (x86)\Microchip\xc8\v2.10\pic\sources\c90\common\Umul8_16.c estimated size: 42

C:\Program Files (x86)\Microchip\xc8\v2.10\pic\sources\c90\common\sprcdiv.c
		___fldiv       		CODE           	083A	0000	478

C:\Program Files (x86)\Microchip\xc8\v2.10\pic\sources\c90\common\sprcdiv.c estimated size: 478

adc.c
		_adc_read_0    		CODE           	1F09	0000	124
		_adc_init_0    		CODE           	1CAE	0000	36

adc.c estimated size: 160

C:\Program Files (x86)\Microchip\xc8\v2.10\pic\sources\c90\common\xxtofl.c
		___xxtofl      		CODE           	0723	0000	189

C:\Program Files (x86)\Microchip\xc8\v2.10\pic\sources\c90\common\xxtofl.c estimated size: 189

shared
		__stringtab    		STRING         	0800	0000	17
		_dpowers       		STRING         	0810	0000	11
		i1___fladd     		CODE           	0A17	0000	649
		i1__Umul8_16   		CODE           	1CD1	0000	40
		i1___fltol     		CODE           	1F84	0000	125
		__initialization		CODE           	0013	0000	40
		i1___flmul     		CODE           	0C9F	0000	866
		i1___xxtofl    		CODE           	10AE	0000	187

shared estimated size: 1935

C:\Program Files (x86)\Microchip\xc8\v2.10\pic\sources\c90\common\abs.c
		_abs           		CODE           	1C5E	0000	20

C:\Program Files (x86)\Microchip\xc8\v2.10\pic\sources\c90\common\abs.c estimated size: 20

C:\Program Files (x86)\Microchip\xc8\v2.10\pic\sources\c90\common\lwmod.c
		___lwmod       		CODE           	1D83	0000	61

C:\Program Files (x86)\Microchip\xc8\v2.10\pic\sources\c90\common\lwmod.c estimated size: 61

lcd.c
		_lcd_puts      		CODE           	1D48	0000	60
		_lcd_putchar   		CODE           	1C3B	0000	18
		_lcd_goto      		CODE           	1C4C	0000	19
		_lcd_cursor    		CODE           	1C71	0000	28
		_LCD_RS_SetLow 		CODE           	1C0A	0000	5
		_LCD_RS_SetHigh		CODE           	0836	0000	5
		_lcd_write     		CODE           	07DF	0000	34
		_lcd_write_nibble		CODE           	1E05	0000	79
		_LCD_RW_SetLow 		CODE           	1C0E	0000	5
		_lcd_init      		CODE           	1E53	0000	89

lcd.c estimated size: 342

C:\Program Files (x86)\Microchip\xc8\v2.10\pic\sources\c90\common\sprcadd.c
		___fladd       		CODE           	003E	0000	901

C:\Program Files (x86)\Microchip\xc8\v2.10\pic\sources\c90\common\sprcadd.c estimated size: 901

C:\Program Files (x86)\Microchip\xc8\v2.10\pic\sources\c90\common\doprnt.c
		_sprintf       		CODE           	1168	0000	227

C:\Program Files (x86)\Microchip\xc8\v2.10\pic\sources\c90\common\doprnt.c estimated size: 227

main.c
		_tmr2_init     		CODE           	1C12	0000	13
		_main          		CODE           	124A	0000	289
		_t0_init       		CODE           	1C1E	0000	15
		_isr           		CODE           	1EAB	0000	95

main.c estimated size: 412

